Account                         Username           RawShares            RawUsage           Fairshare
root                                                       1                   0
 A                                                         1                   0
  A                             user5011                   1                   0                 0.5
 B                                                         1                   0
  B                             user5013                   1                   0                 0.5
 C                                                         1                   0
  C                             user5014                   1                   0                 0.5
