Bank                            Username           RawShares            RawUsage           Fairshare
D                                                          1                 0.0
 E                                                         1                 0.0
 F                                                         1                 0.0

