Bank                            Username           RawShares            RawUsage           Fairshare
E                                                          1                 0.0
 E                              user5030                   1                 0.0                 0.5
 E                              user5031                   1                 0.0                 0.5

