bank_id        bank           active         parent_bank    shares         job_usage      
6              E              1              D              1              0.0            

Bank                            Username           RawShares            RawUsage           Fairshare
E                                                          1                 0.0
 E                              user5030                   1                 0.0                 0.5
 E                              user5031                   1                 0.0                 0.5

